
> videx@0.1.0 build
> next build

node.exe : ΓÜá Warning: Next.js inferred your 
workspace root, but it may not be correct.
At C:\Users\sangeeth 
karunakaran\AppData\Roaming\npm\npm.ps1:24 
char:5
+     & "node$exe"  
"$basedir/node_modules/npm/bin/npm-cli.js" $args
+     ~~~~~~~~~~~~~~~~~~~~~~~~~~~~~~~~~~~~~~~~~~
~~~~~~~~~~~~~~~~~~~~
    + CategoryInfo          : NotSpecified: (ΓÜ 
   á Warning: Ne...not be correct.:String) [],  
   RemoteException
    + FullyQualifiedErrorId : NativeCommandErro 
   r
 
 We detected multiple lockfiles and selected 
the directory of C:\Users\sangeeth 
karunakaran\package-lock.json as the root 
directory.
 To silence this warning, set `turbopack.root` 
in your Next.js config, or consider removing 
one of the lockfiles if it's not needed.
   See https://nextjs.org/docs/app/api-reference
/config/next-config-js/turbopack#root-directory 
for more information.
 Detected additional lockfiles: 
   * C:\Users\sangeeth karunakaran\Desktop\video
platform\videx\package-lock.json

Γû▓ Next.js 16.1.6 (Turbopack)
- Environments: .env.local
- Experiments (use with caution):
  ┬╖ optimizePackageImports

  Creating an optimized production build ...

> Build error occurred
Error: Turbopack build failed with 1 errors:
./Desktop/videoplatform/videx/src/app/profile/pa
ge.tsx:17:14
Ecmascript file had an error
[0m [90m 15 |[39m } [36mfrom[39m 
[32m"lucide-react"[39m[33m;[39m
 [90m 16 |[39m
[31m[1m>[22m[39m[90m 17 |[39m 
[36mexport[39m [36mconst[39m metadata 
[33m=[39m { title[33m:[39m [32m"Profile 
ΓÇô Videx"[39m }[33m;[39m
 [90m    |[39m              [31m[1m^[22m[3
9m[31m[1m^[22m[39m[31m[1m^[22m[39m[31m
[1m^[22m[39m[31m[1m^[22m[39m[31m[1m^[22
m[39m[31m[1m^[22m[39m[31m[1m^[22m[39m
 [90m 18 |[39m
 [90m 19 |[39m [36mexport[39m 
[36mdefault[39m [36mfunction[39m 
[33mProfilePage[39m() {
 [90m 20 |[39m     [36mconst[39m suggested 
[33m=[39m 
getAllVideos()[33m.[39msort((a[33m,[39m b) 
[33m=>[39m b[33m.[39mviews [33m-[39m a[33
m.[39mviews)[33m.[39mslice([35m0[39m[33m,
[39m [35m3[39m)[33m;[39m[0m

You are attempting to export "metadata" from a 
component marked with "use client", which is 
disallowed. Either remove the export, or the 
"use client" directive. Read more: https://nextj
s.org/docs/app/api-reference/directives/use-clie
nt



Import traces:
  Client Component Browser:
    ./Desktop/videoplatform/videx/src/app/profil
e/page.tsx [Client Component Browser]
    ./Desktop/videoplatform/videx/src/app/profil
e/page.tsx [Server Component]

  Client Component SSR:
    ./Desktop/videoplatform/videx/src/app/profil
e/page.tsx [Client Component SSR]
    ./Desktop/videoplatform/videx/src/app/profil
e/page.tsx [Server Component]


    at <unknown> (./Desktop/videoplatform/videx/
src/app/profile/page.tsx:17:14)
